<?xml version="1.0" encoding="utf-8"?>
<shfbBuild product="Sandcastle Help File Builder and Tools" version="2025.3.22.0" projectFile="C:\Users\pcbr4\OneDrive\Favoritos\Documentos\GitHub\sistema_sesi\classe.shfbproj" started="15/07/2025 11:52:35">
<buildStep step="Initializing">
The Sandcastle tools are located in &#39;C:\Program Files (x86)\EWSoftware\Sandcastle Help File Builder&#39;
Locating components in the following folder(s):
    C:\Users\pcbr4\OneDrive\Favoritos\Documentos\GitHub\sistema_sesi
    C:\ProgramData\EWSoftware\Sandcastle Help File Builder\Components and Plug-Ins
    C:\Program Files (x86)\EWSoftware\Sandcastle Help File Builder\Components
Using framework reflection data for &#39;.NET Framework 4.7.2&#39; located in &#39;C:\Program Files (x86)\EWSoftware\Sandcastle Help File Builder\Data\.NETFramework&#39;
Using presentation style &#39;Default2022&#39; located in &#39;C:\Program Files (x86)\EWSoftware\Sandcastle Help File Builder\Components\Default2022&#39;
Loading and initializing plug-ins...
Website Table of Contents Generator Version 2025.3.22.0
Copyright &#169; 2006-2025, Eric Woodruff, All Rights Reserved
-------------------------------
Clearing any prior web/markdown output...
</buildStep>
<buildStep step="ValidatingDocumentationSources">
Validating and copying documentation source information
Source: C:\Users\pcbr4\OneDrive\Favoritos\Documentos\GitHub\sistema_sesi\Sistema\bin\Debug\Sistema.xml
Source: C:\Users\pcbr4\OneDrive\Favoritos\Documentos\GitHub\sistema_sesi\Sistema\bin\Debug\Sistema.exe
    Found assembly &#39;C:\Users\pcbr4\OneDrive\Favoritos\Documentos\GitHub\sistema_sesi\Sistema\bin\Debug\Sistema.exe&#39;

References to include:
    Sistema

Copying XML comments files
    C:\Users\pcbr4\OneDrive\Favoritos\Documentos\GitHub\sistema_sesi\Sistema\bin\Debug\Sistema.xml -&gt; C:\Users\pcbr4\OneDrive\Favoritos\Documentos\GitHub\sistema_sesi\Help\Working\Sistema.xml
</buildStep>
<buildStep step="GenerateSharedContent">
Generating shared content files (en-US, Ingl&#234;s (Estados Unidos))...
    Last step completed in 00:00:00,0187
</buildStep>
<buildStep step="GenerateApiFilter">
Generating API filter for MRefBuilder...
    Last step completed in 00:00:00,0166
</buildStep>
<buildStep step="GenerateReflectionInfo">
Generating reflection information...
[C:\Program Files\Microsoft Visual Studio\2022\Community\MSBuild\Current\Bin\amd64\MSBuild.exe - GenerateRefInfo-243b850f-9933-4dfd-9494-e943d3d2669b.proj]
Compila&#195;&#167;&#195;&#163;o de 15/07/2025 11:52:38 iniciada.

Projeto &quot;C:\Users\pcbr4\OneDrive\Favoritos\Documentos\GitHub\sistema_sesi\Help\Working\GenerateRefInfo-243b850f-9933-4dfd-9494-e943d3d2669b.proj&quot; no n&#195;&#179; 1 (destinos padr&#195;&#163;o).
PrepareForBuild:
  Criando o diret&#195;&#179;rio &quot;obj\Debug\&quot;.
GenerateRefInfo:
  Microsoft.Build (v17.14.14+a129329f18037d9c1e3191c88edc217394af1999)
  &#194;&#169; Microsoft Corporation. All rights reserved.
  No source code context base path specified.  Source context information is unavailable.
  Loaded 1 assemblies for reflection and 2 dependency assemblies.
  Using framework redirect &#39;System.Windows.Forms, Version=4.0.0.0, Culture=neutral, PublicKeyToken=b77a5c561934e089&#39; in place of &#39;System.Windows.Forms, Version=4.0.0.0, Culture=neutral, PublicKeyToken=b77a5c561934e089&#39;
  Using framework redirect &#39;System, Version=4.0.0.0, Culture=neutral, PublicKeyToken=b77a5c561934e089&#39; in place of &#39;System, Version=4.0.0.0, Culture=neutral, PublicKeyToken=b77a5c561934e089&#39;
  Using framework redirect &#39;System.Data, Version=4.0.0.0, Culture=neutral, PublicKeyToken=b77a5c561934e089&#39; in place of &#39;System.Data, Version=4.0.0.0, Culture=neutral, PublicKeyToken=b77a5c561934e089&#39;
  Using framework redirect &#39;System.Windows.Forms.DataVisualization, Version=4.0.0.0, Culture=neutral, PublicKeyToken=31bf3856ad364e35&#39; in place of &#39;System.Windows.Forms.DataVisualization, Version=4.0.0.0, Culture=neutral, PublicKeyToken=31bf3856ad364e35&#39;
  Using framework redirect &#39;System.Xml, Version=4.0.0.0, Culture=neutral, PublicKeyToken=b77a5c561934e089&#39; in place of &#39;System.Xml, Version=4.0.0.0, Culture=neutral, PublicKeyToken=b77a5c561934e089&#39;
  Using framework redirect &#39;System.Drawing, Version=4.0.0.0, Culture=neutral, PublicKeyToken=b03f5f7f11d50a3a&#39; in place of &#39;System.Drawing, Version=4.0.0.0, Culture=neutral, PublicKeyToken=b03f5f7f11d50a3a&#39;
  Using framework redirect &#39;Accessibility, Version=4.0.0.0, Culture=neutral, PublicKeyToken=b03f5f7f11d50a3a&#39; in place of &#39;Accessibility, Version=4.0.0.0, Culture=neutral, PublicKeyToken=b03f5f7f11d50a3a&#39;
  Wrote information on 2 namespaces, 16 types, and 261 members
  Merging duplicate type and member information
  Merged 0 duplicate type(s) and 0 duplicate member(s)
Projeto de compila&#195;&#167;&#195;&#163;o pronto &quot;C:\Users\pcbr4\OneDrive\Favoritos\Documentos\GitHub\sistema_sesi\Help\Working\GenerateRefInfo-243b850f-9933-4dfd-9494-e943d3d2669b.proj&quot; (destinos padr&#195;&#163;o).
    Last step completed in 00:00:01,3210
</buildStep>
<buildStep step="ApplyDocumentModel">
Applying document model to reflection output...
    Last step completed in 00:00:00,6294
</buildStep>
<buildStep step="AddApiTopicFilenames">
Adding topic filenames to API members...
    Last step completed in 00:00:00,4774
</buildStep>
<buildStep step="GenerateApiTopicManifest">
Generating API topic manifest...
    Last step completed in 00:00:00,4315
</buildStep>
<buildStep step="GenerateNamespaceSummaries">
Generating namespace summary information...
    Last step completed in 00:00:00,1678
</buildStep>
<buildStep step="CopyAdditionalContent">
Copying additional content files...
No additional content to copy
    Last step completed in 00:00:00,0000
</buildStep>
<buildStep step="MergeTablesOfContents">
Merging conceptual and additional tables of contents...
    Last step completed in 00:00:00,0000
</buildStep>
<buildStep step="GenerateIntermediateTableOfContents">
Generating intermediate table of contents file for API content...
Generating conceptual content intermediate TOC file...
    Last step completed in 00:00:00,1643
</buildStep>
<buildStep step="CreateBuildAssemblerConfigs">
Creating Sandcastle configuration files...
    Last step completed in 00:00:00,2553
</buildStep>
<buildStep step="CombiningIntermediateTocFiles">
Combining conceptual and API intermediate TOC files...
    Last step completed in 00:00:00,0030
</buildStep>
<buildStep step="MergeCustomConfigs">
Merging custom build component configurations
C:\Users\pcbr4\OneDrive\Favoritos\Documentos\GitHub\sistema_sesi\Help\Working\BuildAssembler.config
  Updating reference topic configurations.
  No conceptual content.  Removing conceptual content components.
    Last step completed in 00:00:00,0302
</buildStep>
<buildStep step="BuildTopics">
Building help topics...
<plugIn name="Website Table of Contents Generator" behavior="Before" priority="1000">
Loading TOC info and adding unique IDs to parent nodes
</plugIn>Loading configuration...
Processing topics...
SHFB: Warning BE0066: ShowMissingComponent: [N:Sistema] Missing &lt;summary&gt; documentation
SHFB: Warning BE0066: ShowMissingComponent: [T:Sistema.carrinho] Missing &lt;summary&gt; documentation
SHFB: Warning BE0066: ShowMissingComponent: [M:Sistema.carrinho.#ctor(System.Collections.Generic.List{System.String})] Missing &lt;param name=&quot;itens&quot;/&gt; documentation
SHFB: Warning BE0066: ShowMissingComponent: [M:Sistema.carrinho.carrinho_Load(System.Object,System.EventArgs)] Missing &lt;summary&gt; documentation
SHFB: Warning BE0066: ShowMissingComponent: [M:Sistema.carrinho.carrinho_Load(System.Object,System.EventArgs)] Missing &lt;param name=&quot;sender&quot;/&gt; documentation
SHFB: Warning BE0066: ShowMissingComponent: [M:Sistema.carrinho.carrinho_Load(System.Object,System.EventArgs)] Missing &lt;param name=&quot;e&quot;/&gt; documentation
SHFB: Warning BE0066: ShowMissingComponent: [T:Sistema.Configuracao] Missing &lt;summary&gt; documentation
SHFB: Warning BE0066: ShowMissingComponent: [F:Sistema.Configuracao.btnSalvar] Missing &lt;summary&gt; documentation
SHFB: Warning BE0066: ShowMissingComponent: [M:Sistema.Configuracao.btnSalvar_Click(System.Object,System.EventArgs)] Missing &lt;summary&gt; documentation
SHFB: Warning BE0066: ShowMissingComponent: [M:Sistema.Configuracao.btnSalvar_Click(System.Object,System.EventArgs)] Missing &lt;param name=&quot;sender&quot;/&gt; documentation
SHFB: Warning BE0066: ShowMissingComponent: [M:Sistema.Configuracao.btnSalvar_Click(System.Object,System.EventArgs)] Missing &lt;param name=&quot;e&quot;/&gt; documentation
SHFB: Warning BE0066: ShowMissingComponent: [F:Sistema.Configuracao.cboIdioma] Missing &lt;summary&gt; documentation
SHFB: Warning BE0066: ShowMissingComponent: [M:Sistema.Configuracao.Configuracao_Load(System.Object,System.EventArgs)] Missing &lt;summary&gt; documentation
SHFB: Warning BE0066: ShowMissingComponent: [M:Sistema.Configuracao.Configuracao_Load(System.Object,System.EventArgs)] Missing &lt;param name=&quot;sender&quot;/&gt; documentation
SHFB: Warning BE0066: ShowMissingComponent: [M:Sistema.Configuracao.Configuracao_Load(System.Object,System.EventArgs)] Missing &lt;param name=&quot;e&quot;/&gt; documentation
SHFB: Warning BE0066: ShowMissingComponent: [F:Sistema.Configuracao.label1] Missing &lt;summary&gt; documentation
SHFB: Warning BE0066: ShowMissingComponent: [T:Sistema.Cozinha] Missing &lt;summary&gt; documentation
SHFB: Warning BE0066: ShowMissingComponent: [F:Sistema.Cozinha._quantidadeNovosPedidosAnterior] Missing &lt;summary&gt; documentation
SHFB: Warning BE0066: ShowMissingComponent: [M:Sistema.Cozinha.AplicarEstiloCabecalhoDataGridView] Missing &lt;summary&gt; documentation
SHFB: Warning BE0066: ShowMissingComponent: [F:Sistema.Cozinha.btnAtualizarLista] Missing &lt;summary&gt; documentation
SHFB: Warning BE0066: ShowMissingComponent: [M:Sistema.Cozinha.btnAtualizarLista_Click(System.Object,System.EventArgs)] Missing &lt;summary&gt; documentation
SHFB: Warning BE0066: ShowMissingComponent: [M:Sistema.Cozinha.btnAtualizarLista_Click(System.Object,System.EventArgs)] Missing &lt;param name=&quot;sender&quot;/&gt; documentation
SHFB: Warning BE0066: ShowMissingComponent: [M:Sistema.Cozinha.btnAtualizarLista_Click(System.Object,System.EventArgs)] Missing &lt;param name=&quot;e&quot;/&gt; documentation
SHFB: Warning BE0066: ShowMissingComponent: [F:Sistema.Cozinha.btnMarcarEmPreparo] Missing &lt;summary&gt; documentation
SHFB: Warning BE0066: ShowMissingComponent: [M:Sistema.Cozinha.btnMarcarEmPreparo_Click(System.Object,System.EventArgs)] Missing &lt;summary&gt; documentation
SHFB: Warning BE0066: ShowMissingComponent: [M:Sistema.Cozinha.btnMarcarEmPreparo_Click(System.Object,System.EventArgs)] Missing &lt;param name=&quot;sender&quot;/&gt; documentation
SHFB: Warning BE0066: ShowMissingComponent: [M:Sistema.Cozinha.btnMarcarEmPreparo_Click(System.Object,System.EventArgs)] Missing &lt;param name=&quot;e&quot;/&gt; documentation
SHFB: Warning BE0066: ShowMissingComponent: [F:Sistema.Cozinha.btnMarcarEntregue] Missing &lt;summary&gt; documentation
SHFB: Warning BE0066: ShowMissingComponent: [M:Sistema.Cozinha.btnMarcarEntregue_Click(System.Object,System.EventArgs)] Missing &lt;summary&gt; documentation
SHFB: Warning BE0066: ShowMissingComponent: [M:Sistema.Cozinha.btnMarcarEntregue_Click(System.Object,System.EventArgs)] Missing &lt;param name=&quot;sender&quot;/&gt; documentation
SHFB: Warning BE0066: ShowMissingComponent: [M:Sistema.Cozinha.btnMarcarEntregue_Click(System.Object,System.EventArgs)] Missing &lt;param name=&quot;e&quot;/&gt; documentation
SHFB: Warning BE0066: ShowMissingComponent: [F:Sistema.Cozinha.btnMarcarpronto] Missing &lt;summary&gt; documentation
SHFB: Warning BE0066: ShowMissingComponent: [M:Sistema.Cozinha.btnMarcarpronto_Click(System.Object,System.EventArgs)] Missing &lt;summary&gt; documentation
SHFB: Warning BE0066: ShowMissingComponent: [M:Sistema.Cozinha.btnMarcarpronto_Click(System.Object,System.EventArgs)] Missing &lt;param name=&quot;sender&quot;/&gt; documentation
SHFB: Warning BE0066: ShowMissingComponent: [M:Sistema.Cozinha.btnMarcarpronto_Click(System.Object,System.EventArgs)] Missing &lt;param name=&quot;e&quot;/&gt; documentation
SHFB: Warning BE0066: ShowMissingComponent: [M:Sistema.Cozinha.CarregarItensDoPedido(System.Int32)] Missing &lt;summary&gt; documentation
SHFB: Warning BE0066: ShowMissingComponent: [M:Sistema.Cozinha.CarregarItensDoPedido(System.Int32)] Missing &lt;param name=&quot;pedidoId&quot;/&gt; documentation
SHFB: Warning BE0066: ShowMissingComponent: [M:Sistema.Cozinha.CarregarpedidosPendentes(System.Boolean)] Missing &lt;summary&gt; documentation
SHFB: Warning BE0066: ShowMissingComponent: [M:Sistema.Cozinha.CarregarpedidosPendentes(System.Boolean)] Missing &lt;param name=&quot;isAutomaticUpdate&quot;/&gt; documentation
SHFB: Warning BE0066: ShowMissingComponent: [F:Sistema.Cozinha.conexao] Missing &lt;summary&gt; documentation
SHFB: Warning BE0066: ResolveReferenceLinksComponent: [F:Sistema.Cozinha.conexao] Unknown reference link target &#39;T:MySql.Data.MySqlClient.MySqlConnection&#39;.
SHFB: Warning BE0066: ShowMissingComponent: [M:Sistema.Cozinha.Cozinha_Load(System.Object,System.EventArgs)] Missing &lt;summary&gt; documentation
SHFB: Warning BE0066: ShowMissingComponent: [M:Sistema.Cozinha.Cozinha_Load(System.Object,System.EventArgs)] Missing &lt;param name=&quot;sender&quot;/&gt; documentation
SHFB: Warning BE0066: ShowMissingComponent: [M:Sistema.Cozinha.Cozinha_Load(System.Object,System.EventArgs)] Missing &lt;param name=&quot;e&quot;/&gt; documentation
SHFB: Warning BE0066: ShowMissingComponent: [F:Sistema.Cozinha.dgvItensPedido] Missing &lt;summary&gt; documentation
SHFB: Warning BE0066: ShowMissingComponent: [M:Sistema.Cozinha.dgvItensPedido_SelectionChanged(System.Object,System.EventArgs)] Missing &lt;summary&gt; documentation
SHFB: Warning BE0066: ShowMissingComponent: [M:Sistema.Cozinha.dgvItensPedido_SelectionChanged(System.Object,System.EventArgs)] Missing &lt;param name=&quot;sender&quot;/&gt; documentation
SHFB: Warning BE0066: ShowMissingComponent: [M:Sistema.Cozinha.dgvItensPedido_SelectionChanged(System.Object,System.EventArgs)] Missing &lt;param name=&quot;e&quot;/&gt; documentation
SHFB: Warning BE0066: ShowMissingComponent: [M:Sistema.Cozinha.dgvPedidos_CellFormatting(System.Object,System.Windows.Forms.DataGridViewCellFormattingEventArgs)] Missing &lt;summary&gt; documentation
SHFB: Warning BE0066: ShowMissingComponent: [M:Sistema.Cozinha.dgvPedidos_CellFormatting(System.Object,System.Windows.Forms.DataGridViewCellFormattingEventArgs)] Missing &lt;param name=&quot;sender&quot;/&gt; documentation
SHFB: Warning BE0066: ShowMissingComponent: [M:Sistema.Cozinha.dgvPedidos_CellFormatting(System.Object,System.Windows.Forms.DataGridViewCellFormattingEventArgs)] Missing &lt;param name=&quot;e&quot;/&gt; documentation
SHFB: Warning BE0066: ShowMissingComponent: [F:Sistema.Cozinha.dvgPedidos] Missing &lt;summary&gt; documentation
SHFB: Warning BE0066: ShowMissingComponent: [M:Sistema.Cozinha.dvgPedidos_CellClick(System.Object,System.Windows.Forms.DataGridViewCellEventArgs)] Missing &lt;summary&gt; documentation
SHFB: Warning BE0066: ShowMissingComponent: [M:Sistema.Cozinha.dvgPedidos_CellClick(System.Object,System.Windows.Forms.DataGridViewCellEventArgs)] Missing &lt;param name=&quot;sender&quot;/&gt; documentation
SHFB: Warning BE0066: ShowMissingComponent: [M:Sistema.Cozinha.dvgPedidos_CellClick(System.Object,System.Windows.Forms.DataGridViewCellEventArgs)] Missing &lt;param name=&quot;e&quot;/&gt; documentation
SHFB: Warning BE0066: ShowMissingComponent: [M:Sistema.Cozinha.dvgPedidos_SelectionChanged(System.Object,System.EventArgs)] Missing &lt;summary&gt; documentation
SHFB: Warning BE0066: ShowMissingComponent: [M:Sistema.Cozinha.dvgPedidos_SelectionChanged(System.Object,System.EventArgs)] Missing &lt;param name=&quot;sender&quot;/&gt; documentation
SHFB: Warning BE0066: ShowMissingComponent: [M:Sistema.Cozinha.dvgPedidos_SelectionChanged(System.Object,System.EventArgs)] Missing &lt;param name=&quot;e&quot;/&gt; documentation
SHFB: Warning BE0066: ShowMissingComponent: [F:Sistema.Cozinha.label1] Missing &lt;summary&gt; documentation
SHFB: Warning BE0066: ShowMissingComponent: [F:Sistema.Cozinha.label2] Missing &lt;summary&gt; documentation
SHFB: Warning BE0066: ShowMissingComponent: [M:Sistema.Cozinha.MudarStatusPedido(System.String)] Missing &lt;summary&gt; documentation
SHFB: Warning BE0066: ShowMissingComponent: [M:Sistema.Cozinha.MudarStatusPedido(System.String)] Missing &lt;param name=&quot;novoStatus&quot;/&gt; documentation
SHFB: Warning BE0066: ShowMissingComponent: [F:Sistema.Cozinha.player] Missing &lt;summary&gt; documentation
SHFB: Warning BE0066: ShowMissingComponent: [T:Sistema.fluxocaixa] Missing &lt;summary&gt; documentation
SHFB: Warning BE0066: ShowMissingComponent: [F:Sistema.fluxocaixa.btnGerarRelatorio] Missing &lt;summary&gt; documentation
SHFB: Warning BE0066: ShowMissingComponent: [M:Sistema.fluxocaixa.btnGerarRelatorio_Click(System.Object,System.EventArgs)] Missing &lt;summary&gt; documentation
SHFB: Warning BE0066: ShowMissingComponent: [M:Sistema.fluxocaixa.btnGerarRelatorio_Click(System.Object,System.EventArgs)] Missing &lt;param name=&quot;sender&quot;/&gt; documentation
SHFB: Warning BE0066: ShowMissingComponent: [M:Sistema.fluxocaixa.btnGerarRelatorio_Click(System.Object,System.EventArgs)] Missing &lt;param name=&quot;e&quot;/&gt; documentation
SHFB: Warning BE0066: ShowMissingComponent: [F:Sistema.fluxocaixa.chartFluxoCaixa] Missing &lt;summary&gt; documentation
SHFB: Warning BE0066: ShowMissingComponent: [F:Sistema.fluxocaixa.conexao] Missing &lt;summary&gt; documentation
SHFB: Warning BE0066: ResolveReferenceLinksComponent: [F:Sistema.fluxocaixa.conexao] Unknown reference link target &#39;T:MySql.Data.MySqlClient.MySqlConnection&#39;.
SHFB: Warning BE0066: ShowMissingComponent: [M:Sistema.fluxocaixa.ConfigurarChart] Missing &lt;summary&gt; documentation
SHFB: Warning BE0066: ShowMissingComponent: [F:Sistema.fluxocaixa.data_source] Missing &lt;summary&gt; documentation
SHFB: Warning BE0066: ShowMissingComponent: [F:Sistema.fluxocaixa.dtpDataFinal] Missing &lt;summary&gt; documentation
SHFB: Warning BE0066: ShowMissingComponent: [F:Sistema.fluxocaixa.dtpDataInicial] Missing &lt;summary&gt; documentation
SHFB: Warning BE0066: ShowMissingComponent: [M:Sistema.fluxocaixa.fluxocaixa_Load(System.Object,System.EventArgs)] Missing &lt;summary&gt; documentation
SHFB: Warning BE0066: ShowMissingComponent: [M:Sistema.fluxocaixa.fluxocaixa_Load(System.Object,System.EventArgs)] Missing &lt;param name=&quot;sender&quot;/&gt; documentation
SHFB: Warning BE0066: ShowMissingComponent: [M:Sistema.fluxocaixa.fluxocaixa_Load(System.Object,System.EventArgs)] Missing &lt;param name=&quot;e&quot;/&gt; documentation
SHFB: Warning BE0066: ShowMissingComponent: [M:Sistema.fluxocaixa.GerarRelatorio(System.DateTime,System.DateTime)] Missing &lt;summary&gt; documentation
SHFB: Warning BE0066: ShowMissingComponent: [M:Sistema.fluxocaixa.GerarRelatorio(System.DateTime,System.DateTime)] Missing &lt;param name=&quot;inicio&quot;/&gt; documentation
SHFB: Warning BE0066: ShowMissingComponent: [M:Sistema.fluxocaixa.GerarRelatorio(System.DateTime,System.DateTime)] Missing &lt;param name=&quot;fim&quot;/&gt; documentation
SHFB: Warning BE0066: ShowMissingComponent: [F:Sistema.fluxocaixa.label1] Missing &lt;summary&gt; documentation
SHFB: Warning BE0066: ShowMissingComponent: [F:Sistema.fluxocaixa.label2] Missing &lt;summary&gt; documentation
SHFB: Warning BE0066: ShowMissingComponent: [F:Sistema.fluxocaixa.lblSaldoFinal] Missing &lt;summary&gt; documentation
SHFB: Warning BE0066: ShowMissingComponent: [F:Sistema.fluxocaixa.lblTotalEntradas] Missing &lt;summary&gt; documentation
SHFB: Warning BE0066: ShowMissingComponent: [F:Sistema.fluxocaixa.lblTotalSaidas] Missing &lt;summary&gt; documentation
SHFB: Warning BE0066: ShowMissingComponent: [M:Sistema.fluxocaixa.ProcessarDadosParaGrafico(System.Data.DataTable)] Missing &lt;summary&gt; documentation
SHFB: Warning BE0066: ShowMissingComponent: [M:Sistema.fluxocaixa.ProcessarDadosParaGrafico(System.Data.DataTable)] Missing &lt;param name=&quot;dados&quot;/&gt; documentation
SHFB: Warning BE0066: ShowMissingComponent: [F:Sistema.fluxocaixa.rbDiario] Missing &lt;summary&gt; documentation
SHFB: Warning BE0066: ShowMissingComponent: [F:Sistema.fluxocaixa.rbMensal] Missing &lt;summary&gt; documentation
SHFB: Warning BE0066: ShowMissingComponent: [T:Sistema.FrmlistarPedido] Missing &lt;summary&gt; documentation
SHFB: Warning BE0066: ShowMissingComponent: [T:Sistema.FrmLogin] Missing &lt;summary&gt; documentation
SHFB: Warning BE0066: ShowMissingComponent: [F:Sistema.FrmLogin.btnLogar] Missing &lt;summary&gt; documentation
SHFB: Warning BE0066: ShowMissingComponent: [M:Sistema.FrmLogin.btnLogar_Click(System.Object,System.EventArgs)] Missing &lt;summary&gt; documentation
SHFB: Warning BE0066: ShowMissingComponent: [M:Sistema.FrmLogin.btnLogar_Click(System.Object,System.EventArgs)] Missing &lt;param name=&quot;sender&quot;/&gt; documentation
SHFB: Warning BE0066: ShowMissingComponent: [M:Sistema.FrmLogin.btnLogar_Click(System.Object,System.EventArgs)] Missing &lt;param name=&quot;e&quot;/&gt; documentation
SHFB: Warning BE0066: ShowMissingComponent: [F:Sistema.FrmLogin.conexao] Missing &lt;summary&gt; documentation
SHFB: Warning BE0066: ResolveReferenceLinksComponent: [F:Sistema.FrmLogin.conexao] Unknown reference link target &#39;T:MySql.Data.MySqlClient.MySqlConnection&#39;.
SHFB: Warning BE0066: ShowMissingComponent: [M:Sistema.FrmLogin.FrmLogin_Load(System.Object,System.EventArgs)] Missing &lt;summary&gt; documentation
SHFB: Warning BE0066: ShowMissingComponent: [M:Sistema.FrmLogin.FrmLogin_Load(System.Object,System.EventArgs)] Missing &lt;param name=&quot;sender&quot;/&gt; documentation
SHFB: Warning BE0066: ShowMissingComponent: [M:Sistema.FrmLogin.FrmLogin_Load(System.Object,System.EventArgs)] Missing &lt;param name=&quot;e&quot;/&gt; documentation
SHFB: Warning BE0066: ShowMissingComponent: [F:Sistema.FrmLogin.label1] Missing &lt;summary&gt; documentation
SHFB: Warning BE0066: ShowMissingComponent: [F:Sistema.FrmLogin.label2] Missing &lt;summary&gt; documentation
SHFB: Warning BE0066: ShowMissingComponent: [F:Sistema.FrmLogin.lblMensagemErro] Missing &lt;summary&gt; documentation
SHFB: Warning BE0066: ShowMissingComponent: [F:Sistema.FrmLogin.txtEmail] Missing &lt;summary&gt; documentation
SHFB: Warning BE0066: ShowMissingComponent: [F:Sistema.FrmLogin.txtSenha] Missing &lt;summary&gt; documentation
SHFB: Warning BE0066: ShowMissingComponent: [T:Sistema.FrmPrincipal] Missing &lt;summary&gt; documentation
SHFB: Warning BE0066: ShowMissingComponent: [F:Sistema.FrmPrincipal.ajudaToolStripMenuItem] Missing &lt;summary&gt; documentation
SHFB: Warning BE0066: ShowMissingComponent: [M:Sistema.FrmPrincipal.AplicarPermissoes] Missing &lt;summary&gt; documentation
SHFB: Warning BE0066: ShowMissingComponent: [F:Sistema.FrmPrincipal.arquivosToolStripMenuItem] Missing &lt;summary&gt; documentation
SHFB: Warning BE0066: ShowMissingComponent: [F:Sistema.FrmPrincipal.backupToolStripMenuItem] Missing &lt;summary&gt; documentation
SHFB: Warning BE0066: ShowMissingComponent: [M:Sistema.FrmPrincipal.backupToolStripMenuItem_Click(System.Object,System.EventArgs)] Missing &lt;summary&gt; documentation
SHFB: Warning BE0066: ShowMissingComponent: [M:Sistema.FrmPrincipal.backupToolStripMenuItem_Click(System.Object,System.EventArgs)] Missing &lt;param name=&quot;sender&quot;/&gt; documentation
SHFB: Warning BE0066: ShowMissingComponent: [M:Sistema.FrmPrincipal.backupToolStripMenuItem_Click(System.Object,System.EventArgs)] Missing &lt;param name=&quot;e&quot;/&gt; documentation
SHFB: Warning BE0066: ShowMissingComponent: [F:Sistema.FrmPrincipal.cadastrarToolStripMenuItem] Missing &lt;summary&gt; documentation
SHFB: Warning BE0066: ShowMissingComponent: [F:Sistema.FrmPrincipal.configura&#231;&#227;oToolStripMenuItem] Missing &lt;summary&gt; documentation
SHFB: Warning BE0066: ShowMissingComponent: [M:Sistema.FrmPrincipal.configura&#231;&#227;oToolStripMenuItem_Click(System.Object,System.EventArgs)] Missing &lt;summary&gt; documentation
SHFB: Warning BE0066: ShowMissingComponent: [M:Sistema.FrmPrincipal.configura&#231;&#227;oToolStripMenuItem_Click(System.Object,System.EventArgs)] Missing &lt;param name=&quot;sender&quot;/&gt; documentation
SHFB: Warning BE0066: ShowMissingComponent: [M:Sistema.FrmPrincipal.configura&#231;&#227;oToolStripMenuItem_Click(System.Object,System.EventArgs)] Missing &lt;param name=&quot;e&quot;/&gt; documentation
SHFB: Warning BE0066: ShowMissingComponent: [F:Sistema.FrmPrincipal.cozinhaToolStripMenuItem] Missing &lt;summary&gt; documentation
SHFB: Warning BE0066: ShowMissingComponent: [M:Sistema.FrmPrincipal.cozinhaToolStripMenuItem_Click(System.Object,System.EventArgs)] Missing &lt;summary&gt; documentation
SHFB: Warning BE0066: ShowMissingComponent: [M:Sistema.FrmPrincipal.cozinhaToolStripMenuItem_Click(System.Object,System.EventArgs)] Missing &lt;param name=&quot;sender&quot;/&gt; documentation
SHFB: Warning BE0066: ShowMissingComponent: [M:Sistema.FrmPrincipal.cozinhaToolStripMenuItem_Click(System.Object,System.EventArgs)] Missing &lt;param name=&quot;e&quot;/&gt; documentation
SHFB: Warning BE0066: ShowMissingComponent: [F:Sistema.FrmPrincipal.fecharConexaoToolStripMenuItem] Missing &lt;summary&gt; documentation
SHFB: Warning BE0066: ShowMissingComponent: [M:Sistema.FrmPrincipal.fecharConexaoToolStripMenuItem_Click(System.Object,System.EventArgs)] Missing &lt;summary&gt; documentation
SHFB: Warning BE0066: ShowMissingComponent: [M:Sistema.FrmPrincipal.fecharConexaoToolStripMenuItem_Click(System.Object,System.EventArgs)] Missing &lt;param name=&quot;sender&quot;/&gt; documentation
SHFB: Warning BE0066: ShowMissingComponent: [M:Sistema.FrmPrincipal.fecharConexaoToolStripMenuItem_Click(System.Object,System.EventArgs)] Missing &lt;param name=&quot;e&quot;/&gt; documentation
SHFB: Warning BE0066: ShowMissingComponent: [F:Sistema.FrmPrincipal.fluxoDeCaixaToolStripMenuItem] Missing &lt;summary&gt; documentation
SHFB: Warning BE0066: ShowMissingComponent: [M:Sistema.FrmPrincipal.fluxoDeCaixaToolStripMenuItem_Click(System.Object,System.EventArgs)] Missing &lt;summary&gt; documentation
SHFB: Warning BE0066: ShowMissingComponent: [M:Sistema.FrmPrincipal.fluxoDeCaixaToolStripMenuItem_Click(System.Object,System.EventArgs)] Missing &lt;param name=&quot;sender&quot;/&gt; documentation
SHFB: Warning BE0066: ShowMissingComponent: [M:Sistema.FrmPrincipal.fluxoDeCaixaToolStripMenuItem_Click(System.Object,System.EventArgs)] Missing &lt;param name=&quot;e&quot;/&gt; documentation
SHFB: Warning BE0066: ShowMissingComponent: [M:Sistema.FrmPrincipal.FrmPrincipal_Load(System.Object,System.EventArgs)] Missing &lt;summary&gt; documentation
SHFB: Warning BE0066: ShowMissingComponent: [M:Sistema.FrmPrincipal.FrmPrincipal_Load(System.Object,System.EventArgs)] Missing &lt;param name=&quot;sender&quot;/&gt; documentation
SHFB: Warning BE0066: ShowMissingComponent: [M:Sistema.FrmPrincipal.FrmPrincipal_Load(System.Object,System.EventArgs)] Missing &lt;param name=&quot;e&quot;/&gt; documentation
SHFB: Warning BE0066: ShowMissingComponent: [F:Sistema.FrmPrincipal.informa&#231;&#227;oSistemaToolStripMenuItem] Missing &lt;summary&gt; documentation
SHFB: Warning BE0066: ShowMissingComponent: [M:Sistema.FrmPrincipal.informa&#231;&#227;oSistemaToolStripMenuItem_Click(System.Object,System.EventArgs)] Missing &lt;summary&gt; documentation
SHFB: Warning BE0066: ShowMissingComponent: [M:Sistema.FrmPrincipal.informa&#231;&#227;oSistemaToolStripMenuItem_Click(System.Object,System.EventArgs)] Missing &lt;param name=&quot;sender&quot;/&gt; documentation
SHFB: Warning BE0066: ShowMissingComponent: [M:Sistema.FrmPrincipal.informa&#231;&#227;oSistemaToolStripMenuItem_Click(System.Object,System.EventArgs)] Missing &lt;param name=&quot;e&quot;/&gt; documentation
SHFB: Warning BE0066: ShowMissingComponent: [F:Sistema.FrmPrincipal.listarPedidosToolStripMenuItem] Missing &lt;summary&gt; documentation
SHFB: Warning BE0066: ShowMissingComponent: [M:Sistema.FrmPrincipal.listarPedidosToolStripMenuItem_Click(System.Object,System.EventArgs)] Missing &lt;summary&gt; documentation
SHFB: Warning BE0066: ShowMissingComponent: [M:Sistema.FrmPrincipal.listarPedidosToolStripMenuItem_Click(System.Object,System.EventArgs)] Missing &lt;param name=&quot;sender&quot;/&gt; documentation
SHFB: Warning BE0066: ShowMissingComponent: [M:Sistema.FrmPrincipal.listarPedidosToolStripMenuItem_Click(System.Object,System.EventArgs)] Missing &lt;param name=&quot;e&quot;/&gt; documentation
SHFB: Warning BE0066: ShowMissingComponent: [F:Sistema.FrmPrincipal.listarProdutosToolStripMenuItem] Missing &lt;summary&gt; documentation
SHFB: Warning BE0066: ShowMissingComponent: [M:Sistema.FrmPrincipal.listarProdutosToolStripMenuItem_Click(System.Object,System.EventArgs)] Missing &lt;summary&gt; documentation
SHFB: Warning BE0066: ShowMissingComponent: [M:Sistema.FrmPrincipal.listarProdutosToolStripMenuItem_Click(System.Object,System.EventArgs)] Missing &lt;param name=&quot;sender&quot;/&gt; documentation
SHFB: Warning BE0066: ShowMissingComponent: [M:Sistema.FrmPrincipal.listarProdutosToolStripMenuItem_Click(System.Object,System.EventArgs)] Missing &lt;param name=&quot;e&quot;/&gt; documentation
SHFB: Warning BE0066: ShowMissingComponent: [F:Sistema.FrmPrincipal.logarToolStripMenuItem] Missing &lt;summary&gt; documentation
SHFB: Warning BE0066: ShowMissingComponent: [M:Sistema.FrmPrincipal.logarToolStripMenuItem_Click(System.Object,System.EventArgs)] Missing &lt;summary&gt; documentation
SHFB: Warning BE0066: ShowMissingComponent: [M:Sistema.FrmPrincipal.logarToolStripMenuItem_Click(System.Object,System.EventArgs)] Missing &lt;param name=&quot;sender&quot;/&gt; documentation
SHFB: Warning BE0066: ShowMissingComponent: [M:Sistema.FrmPrincipal.logarToolStripMenuItem_Click(System.Object,System.EventArgs)] Missing &lt;param name=&quot;e&quot;/&gt; documentation
SHFB: Warning BE0066: ShowMissingComponent: [F:Sistema.FrmPrincipal.menuStrip1] Missing &lt;summary&gt; documentation
SHFB: Warning BE0066: ShowMissingComponent: [F:Sistema.FrmPrincipal.pedidoToolStripMenuItem] Missing &lt;summary&gt; documentation
SHFB: Warning BE0066: ShowMissingComponent: [M:Sistema.FrmPrincipal.pedidoToolStripMenuItem_Click(System.Object,System.EventArgs)] Missing &lt;summary&gt; documentation
SHFB: Warning BE0066: ShowMissingComponent: [M:Sistema.FrmPrincipal.pedidoToolStripMenuItem_Click(System.Object,System.EventArgs)] Missing &lt;param name=&quot;sender&quot;/&gt; documentation
SHFB: Warning BE0066: ShowMissingComponent: [M:Sistema.FrmPrincipal.pedidoToolStripMenuItem_Click(System.Object,System.EventArgs)] Missing &lt;param name=&quot;e&quot;/&gt; documentation
SHFB: Warning BE0066: ShowMissingComponent: [F:Sistema.FrmPrincipal.pedidoToolStripMenuItem1] Missing &lt;summary&gt; documentation
SHFB: Warning BE0066: ShowMissingComponent: [F:Sistema.FrmPrincipal.produtoToolStripMenuItem] Missing &lt;summary&gt; documentation
SHFB: Warning BE0066: ShowMissingComponent: [M:Sistema.FrmPrincipal.produtoToolStripMenuItem_Click(System.Object,System.EventArgs)] Missing &lt;summary&gt; documentation
SHFB: Warning BE0066: ShowMissingComponent: [M:Sistema.FrmPrincipal.produtoToolStripMenuItem_Click(System.Object,System.EventArgs)] Missing &lt;param name=&quot;sender&quot;/&gt; documentation
SHFB: Warning BE0066: ShowMissingComponent: [M:Sistema.FrmPrincipal.produtoToolStripMenuItem_Click(System.Object,System.EventArgs)] Missing &lt;param name=&quot;e&quot;/&gt; documentation
SHFB: Warning BE0066: ShowMissingComponent: [F:Sistema.FrmPrincipal.relat&#243;rioToolStripMenuItem] Missing &lt;summary&gt; documentation
SHFB: Warning BE0066: ShowMissingComponent: [F:Sistema.FrmPrincipal.sairToolStripMenuItem] Missing &lt;summary&gt; documentation
SHFB: Warning BE0066: ShowMissingComponent: [M:Sistema.FrmPrincipal.sairToolStripMenuItem_Click(System.Object,System.EventArgs)] Missing &lt;summary&gt; documentation
SHFB: Warning BE0066: ShowMissingComponent: [M:Sistema.FrmPrincipal.sairToolStripMenuItem_Click(System.Object,System.EventArgs)] Missing &lt;param name=&quot;sender&quot;/&gt; documentation
SHFB: Warning BE0066: ShowMissingComponent: [M:Sistema.FrmPrincipal.sairToolStripMenuItem_Click(System.Object,System.EventArgs)] Missing &lt;param name=&quot;e&quot;/&gt; documentation
SHFB: Warning BE0066: ShowMissingComponent: [F:Sistema.FrmPrincipal.statusStrip1] Missing &lt;summary&gt; documentation
SHFB: Warning BE0066: ShowMissingComponent: [F:Sistema.FrmPrincipal.testarConexaoToolStripMenuItem] Missing &lt;summary&gt; documentation
SHFB: Warning BE0066: ShowMissingComponent: [M:Sistema.FrmPrincipal.testarConexaoToolStripMenuItem_Click(System.Object,System.EventArgs)] Missing &lt;summary&gt; documentation
SHFB: Warning BE0066: ShowMissingComponent: [M:Sistema.FrmPrincipal.testarConexaoToolStripMenuItem_Click(System.Object,System.EventArgs)] Missing &lt;param name=&quot;sender&quot;/&gt; documentation
SHFB: Warning BE0066: ShowMissingComponent: [M:Sistema.FrmPrincipal.testarConexaoToolStripMenuItem_Click(System.Object,System.EventArgs)] Missing &lt;param name=&quot;e&quot;/&gt; documentation
SHFB: Warning BE0066: ShowMissingComponent: [F:Sistema.FrmPrincipal.toolStripStatusLabel1] Missing &lt;summary&gt; documentation
SHFB: Warning BE0066: ShowMissingComponent: [F:Sistema.FrmPrincipal.toolStripStatusLabel2] Missing &lt;summary&gt; documentation
SHFB: Warning BE0066: ShowMissingComponent: [F:Sistema.FrmPrincipal.usu&#225;rioToolStripMenuItem] Missing &lt;summary&gt; documentation
SHFB: Warning BE0066: ShowMissingComponent: [M:Sistema.FrmPrincipal.usu&#225;rioToolStripMenuItem_Click(System.Object,System.EventArgs)] Missing &lt;summary&gt; documentation
SHFB: Warning BE0066: ShowMissingComponent: [M:Sistema.FrmPrincipal.usu&#225;rioToolStripMenuItem_Click(System.Object,System.EventArgs)] Missing &lt;param name=&quot;sender&quot;/&gt; documentation
SHFB: Warning BE0066: ShowMissingComponent: [M:Sistema.FrmPrincipal.usu&#225;rioToolStripMenuItem_Click(System.Object,System.EventArgs)] Missing &lt;param name=&quot;e&quot;/&gt; documentation
SHFB: Warning BE0066: ShowMissingComponent: [F:Sistema.frmproduto.btncadastrar] Missing &lt;summary&gt; documentation
SHFB: Warning BE0066: ShowMissingComponent: [F:Sistema.frmproduto.btneditar] Missing &lt;summary&gt; documentation
SHFB: Warning BE0066: ShowMissingComponent: [F:Sistema.frmproduto.btnExcluir] Missing &lt;summary&gt; documentation
SHFB: Warning BE0066: ShowMissingComponent: [M:Sistema.frmproduto.btnExcluir_Click(System.Object,System.EventArgs)] Missing &lt;summary&gt; documentation
SHFB: Warning BE0066: ShowMissingComponent: [M:Sistema.frmproduto.btnExcluir_Click(System.Object,System.EventArgs)] Missing &lt;param name=&quot;sender&quot;/&gt; documentation
SHFB: Warning BE0066: ShowMissingComponent: [M:Sistema.frmproduto.btnExcluir_Click(System.Object,System.EventArgs)] Missing &lt;param name=&quot;e&quot;/&gt; documentation
SHFB: Warning BE0066: ShowMissingComponent: [F:Sistema.frmproduto.btnfoto] Missing &lt;summary&gt; documentation
SHFB: Warning BE0066: ShowMissingComponent: [F:Sistema.frmproduto.button4] Missing &lt;summary&gt; documentation
SHFB: Warning BE0066: ShowMissingComponent: [F:Sistema.frmproduto.calendario] Missing &lt;summary&gt; documentation
SHFB: Warning BE0066: ShowMissingComponent: [M:Sistema.frmproduto.calendario_ValueChanged(System.Object,System.EventArgs)] Missing &lt;summary&gt; documentation
SHFB: Warning BE0066: ShowMissingComponent: [M:Sistema.frmproduto.calendario_ValueChanged(System.Object,System.EventArgs)] Missing &lt;param name=&quot;sender&quot;/&gt; documentation
SHFB: Warning BE0066: ShowMissingComponent: [M:Sistema.frmproduto.calendario_ValueChanged(System.Object,System.EventArgs)] Missing &lt;param name=&quot;e&quot;/&gt; documentation
SHFB: Warning BE0066: ShowMissingComponent: [F:Sistema.frmproduto.conexao] Missing &lt;summary&gt; documentation
SHFB: Warning BE0066: ResolveReferenceLinksComponent: [F:Sistema.frmproduto.conexao] Unknown reference link target &#39;T:MySql.Data.MySqlClient.MySqlConnection&#39;.
SHFB: Warning BE0066: ShowMissingComponent: [F:Sistema.frmproduto.dataGridView1] Missing &lt;summary&gt; documentation
SHFB: Warning BE0066: ShowMissingComponent: [M:Sistema.frmproduto.dataGridView1_CellContentClick(System.Object,System.Windows.Forms.DataGridViewCellEventArgs)] Missing &lt;summary&gt; documentation
SHFB: Warning BE0066: ShowMissingComponent: [M:Sistema.frmproduto.dataGridView1_CellContentClick(System.Object,System.Windows.Forms.DataGridViewCellEventArgs)] Missing &lt;param name=&quot;sender&quot;/&gt; documentation
SHFB: Warning BE0066: ShowMissingComponent: [M:Sistema.frmproduto.dataGridView1_CellContentClick(System.Object,System.Windows.Forms.DataGridViewCellEventArgs)] Missing &lt;param name=&quot;e&quot;/&gt; documentation
SHFB: Warning BE0066: ShowMissingComponent: [M:Sistema.frmproduto.frmproduto_Load(System.Object,System.EventArgs)] Missing &lt;summary&gt; documentation
SHFB: Warning BE0066: ShowMissingComponent: [M:Sistema.frmproduto.frmproduto_Load(System.Object,System.EventArgs)] Missing &lt;param name=&quot;sender&quot;/&gt; documentation
SHFB: Warning BE0066: ShowMissingComponent: [M:Sistema.frmproduto.frmproduto_Load(System.Object,System.EventArgs)] Missing &lt;param name=&quot;e&quot;/&gt; documentation
SHFB: Warning BE0066: ShowMissingComponent: [F:Sistema.frmproduto.label1] Missing &lt;summary&gt; documentation
SHFB: Warning BE0066: ShowMissingComponent: [F:Sistema.frmproduto.label2] Missing &lt;summary&gt; documentation
SHFB: Warning BE0066: ShowMissingComponent: [F:Sistema.frmproduto.label3] Missing &lt;summary&gt; documentation
SHFB: Warning BE0066: ShowMissingComponent: [F:Sistema.frmproduto.label4] Missing &lt;summary&gt; documentation
SHFB: Warning BE0066: ShowMissingComponent: [F:Sistema.frmproduto.label5] Missing &lt;summary&gt; documentation
SHFB: Warning BE0066: ShowMissingComponent: [F:Sistema.frmproduto.label6] Missing &lt;summary&gt; documentation
SHFB: Warning BE0066: ShowMissingComponent: [F:Sistema.frmproduto.lblfoto] Missing &lt;summary&gt; documentation
SHFB: Warning BE0066: ShowMissingComponent: [F:Sistema.frmproduto.pictureBox1] Missing &lt;summary&gt; documentation
SHFB: Warning BE0066: ShowMissingComponent: [F:Sistema.frmproduto.pictureBox2] Missing &lt;summary&gt; documentation
SHFB: Warning BE0066: ShowMissingComponent: [F:Sistema.frmproduto.promocao] Missing &lt;summary&gt; documentation
SHFB: Warning BE0066: ShowMissingComponent: [F:Sistema.frmproduto.txtCodigo] Missing &lt;summary&gt; documentation
SHFB: Warning BE0066: ShowMissingComponent: [F:Sistema.frmproduto.txtDescricao] Missing &lt;summary&gt; documentation
SHFB: Warning BE0066: ShowMissingComponent: [F:Sistema.frmproduto.txtPreco] Missing &lt;summary&gt; documentation
SHFB: Warning BE0066: ShowMissingComponent: [F:Sistema.frmproduto.txtQuantidade] Missing &lt;summary&gt; documentation
SHFB: Warning BE0066: ShowMissingComponent: [F:Sistema.FrmUsuario.btnCadastrar] Missing &lt;summary&gt; documentation
SHFB: Warning BE0066: ShowMissingComponent: [F:Sistema.FrmUsuario.btnEditar] Missing &lt;summary&gt; documentation
SHFB: Warning BE0066: ShowMissingComponent: [F:Sistema.FrmUsuario.btnExcluir] Missing &lt;summary&gt; documentation
SHFB: Warning BE0066: ShowMissingComponent: [F:Sistema.FrmUsuario.cboCargo] Missing &lt;summary&gt; documentation
SHFB: Warning BE0066: ShowMissingComponent: [F:Sistema.FrmUsuario.chkAtivo] Missing &lt;summary&gt; documentation
SHFB: Warning BE0066: ResolveReferenceLinksComponent: [F:Sistema.FrmUsuario.conexao] Unknown reference link target &#39;T:MySql.Data.MySqlClient.MySqlConnection&#39;.
SHFB: Warning BE0066: ShowMissingComponent: [F:Sistema.FrmUsuario.dadosUsuario] Missing &lt;summary&gt; documentation
SHFB: Warning BE0066: ShowMissingComponent: [F:Sistema.FrmUsuario.label1] Missing &lt;summary&gt; documentation
SHFB: Warning BE0066: ShowMissingComponent: [F:Sistema.FrmUsuario.label2] Missing &lt;summary&gt; documentation
SHFB: Warning BE0066: ShowMissingComponent: [F:Sistema.FrmUsuario.label3] Missing &lt;summary&gt; documentation
SHFB: Warning BE0066: ShowMissingComponent: [F:Sistema.FrmUsuario.label4] Missing &lt;summary&gt; documentation
SHFB: Warning BE0066: ShowMissingComponent: [F:Sistema.FrmUsuario.label5] Missing &lt;summary&gt; documentation
SHFB: Warning BE0066: ShowMissingComponent: [F:Sistema.FrmUsuario.lblMensagemErro] Missing &lt;summary&gt; documentation
SHFB: Warning BE0066: ShowMissingComponent: [F:Sistema.FrmUsuario.txtEmail] Missing &lt;summary&gt; documentation
SHFB: Warning BE0066: ShowMissingComponent: [F:Sistema.FrmUsuario.txtid] Missing &lt;summary&gt; documentation
SHFB: Warning BE0066: ShowMissingComponent: [F:Sistema.FrmUsuario.txtNOme] Missing &lt;summary&gt; documentation
SHFB: Warning BE0066: ShowMissingComponent: [F:Sistema.FrmUsuario.txtSenha] Missing &lt;summary&gt; documentation
SHFB: Warning BE0066: ShowMissingComponent: [T:Sistema.listarproduto] Missing &lt;summary&gt; documentation
SHFB: Warning BE0066: ShowMissingComponent: [F:Sistema.listarproduto.BtnComprar] Missing &lt;summary&gt; documentation
SHFB: Warning BE0066: ShowMissingComponent: [M:Sistema.listarproduto.BtnComprar_Click(System.Object,System.EventArgs)] Missing &lt;summary&gt; documentation
SHFB: Warning BE0066: ShowMissingComponent: [M:Sistema.listarproduto.BtnComprar_Click(System.Object,System.EventArgs)] Missing &lt;param name=&quot;sender&quot;/&gt; documentation
SHFB: Warning BE0066: ShowMissingComponent: [M:Sistema.listarproduto.BtnComprar_Click(System.Object,System.EventArgs)] Missing &lt;param name=&quot;e&quot;/&gt; documentation
SHFB: Warning BE0066: ShowMissingComponent: [F:Sistema.listarproduto.CarrinhoAtual] Missing &lt;summary&gt; documentation
SHFB: Warning BE0066: ShowMissingComponent: [F:Sistema.listarproduto.conexao] Missing &lt;summary&gt; documentation
SHFB: Warning BE0066: ResolveReferenceLinksComponent: [F:Sistema.listarproduto.conexao] Unknown reference link target &#39;T:MySql.Data.MySqlClient.MySqlConnection&#39;.
SHFB: Warning BE0066: ShowMissingComponent: [F:Sistema.listarproduto.flowLayoutPanel1] Missing &lt;summary&gt; documentation
SHFB: Warning BE0066: ShowMissingComponent: [M:Sistema.listarproduto.listarproduto_Load(System.Object,System.EventArgs)] Missing &lt;summary&gt; documentation
SHFB: Warning BE0066: ShowMissingComponent: [M:Sistema.listarproduto.listarproduto_Load(System.Object,System.EventArgs)] Missing &lt;param name=&quot;sender&quot;/&gt; documentation
SHFB: Warning BE0066: ShowMissingComponent: [M:Sistema.listarproduto.listarproduto_Load(System.Object,System.EventArgs)] Missing &lt;param name=&quot;e&quot;/&gt; documentation
SHFB: Warning BE0066: ShowMissingComponent: [M:Sistema.listarproduto.obterdados(System.String)] Missing &lt;summary&gt; documentation
SHFB: Warning BE0066: ShowMissingComponent: [M:Sistema.listarproduto.obterdados(System.String)] Missing &lt;returns&gt; documentation
SHFB: Warning BE0066: ShowMissingComponent: [M:Sistema.listarproduto.obterdados(System.String)] Missing &lt;param name=&quot;sql&quot;/&gt; documentation
SHFB: Warning BE0066: ShowMissingComponent: [F:Sistema.listarproduto.pictureBox1] Missing &lt;summary&gt; documentation
SHFB: Warning BE0066: ShowMissingComponent: [M:Sistema.listarproduto.selecionarClick(System.Object,System.EventArgs,System.String,System.String,System.String,System.String)] Missing &lt;summary&gt; documentation
SHFB: Warning BE0066: ShowMissingComponent: [M:Sistema.listarproduto.selecionarClick(System.Object,System.EventArgs,System.String,System.String,System.String,System.String)] Missing &lt;param name=&quot;sender&quot;/&gt; documentation
SHFB: Warning BE0066: ShowMissingComponent: [M:Sistema.listarproduto.selecionarClick(System.Object,System.EventArgs,System.String,System.String,System.String,System.String)] Missing &lt;param name=&quot;e&quot;/&gt; documentation
SHFB: Warning BE0066: ShowMissingComponent: [M:Sistema.listarproduto.selecionarClick(System.Object,System.EventArgs,System.String,System.String,System.String,System.String)] Missing &lt;param name=&quot;Id&quot;/&gt; documentation
SHFB: Warning BE0066: ShowMissingComponent: [M:Sistema.listarproduto.selecionarClick(System.Object,System.EventArgs,System.String,System.String,System.String,System.String)] Missing &lt;param name=&quot;descrico&quot;/&gt; documentation
SHFB: Warning BE0066: ShowMissingComponent: [M:Sistema.listarproduto.selecionarClick(System.Object,System.EventArgs,System.String,System.String,System.String,System.String)] Missing &lt;param name=&quot;preco&quot;/&gt; documentation
SHFB: Warning BE0066: ShowMissingComponent: [M:Sistema.listarproduto.selecionarClick(System.Object,System.EventArgs,System.String,System.String,System.String,System.String)] Missing &lt;param name=&quot;qtde&quot;/&gt; documentation
SHFB: Warning BE0066: ShowMissingComponent: [T:Sistema.listarproduto.ItemCarrinho] Missing &lt;summary&gt; documentation
SHFB: Warning BE0066: ShowMissingComponent: [P:Sistema.listarproduto.ItemCarrinho.NomeProduto] Missing &lt;summary&gt; documentation
SHFB: Warning BE0066: ShowMissingComponent: [P:Sistema.listarproduto.ItemCarrinho.PrecoUnitario] Missing &lt;summary&gt; documentation
SHFB: Warning BE0066: ShowMissingComponent: [P:Sistema.listarproduto.ItemCarrinho.ProdutoId] Missing &lt;summary&gt; documentation
SHFB: Warning BE0066: ShowMissingComponent: [P:Sistema.listarproduto.ItemCarrinho.Quantidade] Missing &lt;summary&gt; documentation
SHFB: Warning BE0066: ShowMissingComponent: [P:Sistema.listarproduto.ItemCarrinho.Subtotal] Missing &lt;summary&gt; documentation
SHFB: Warning BE0066: ShowMissingComponent: [T:Sistema.pedido] Missing &lt;summary&gt; documentation
SHFB: Warning BE0066: ShowMissingComponent: [M:Sistema.pedido.#ctor(System.Collections.Generic.List{Sistema.listarproduto.ItemCarrinho})] Missing &lt;param name=&quot;carrinhoRecebido&quot;/&gt; documentation
SHFB: Warning BE0066: ShowMissingComponent: [F:Sistema.pedido._itensDoCarrinho] Missing &lt;summary&gt; documentation
SHFB: Warning BE0066: ShowMissingComponent: [M:Sistema.pedido.AplicarEstiloCabecalhoDataGridView] Missing &lt;summary&gt; documentation
SHFB: Warning BE0066: ShowMissingComponent: [M:Sistema.pedido.AtualizarExibicaoCarrinho] Missing &lt;summary&gt; documentation
SHFB: Warning BE0066: ShowMissingComponent: [F:Sistema.pedido.btnImprimir] Missing &lt;summary&gt; documentation
SHFB: Warning BE0066: ShowMissingComponent: [M:Sistema.pedido.btnImprimir_Click(System.Object,System.EventArgs)] Missing &lt;summary&gt; documentation
SHFB: Warning BE0066: ShowMissingComponent: [M:Sistema.pedido.btnImprimir_Click(System.Object,System.EventArgs)] Missing &lt;param name=&quot;sender&quot;/&gt; documentation
SHFB: Warning BE0066: ShowMissingComponent: [M:Sistema.pedido.btnImprimir_Click(System.Object,System.EventArgs)] Missing &lt;param name=&quot;e&quot;/&gt; documentation
SHFB: Warning BE0066: ShowMissingComponent: [M:Sistema.pedido.button1_Click(System.Object,System.EventArgs)] Missing &lt;summary&gt; documentation
SHFB: Warning BE0066: ShowMissingComponent: [M:Sistema.pedido.button1_Click(System.Object,System.EventArgs)] Missing &lt;param name=&quot;sender&quot;/&gt; documentation
SHFB: Warning BE0066: ShowMissingComponent: [M:Sistema.pedido.button1_Click(System.Object,System.EventArgs)] Missing &lt;param name=&quot;e&quot;/&gt; documentation
SHFB: Warning BE0066: ShowMissingComponent: [F:Sistema.pedido.cadastrar] Missing &lt;summary&gt; documentation
SHFB: Warning BE0066: ShowMissingComponent: [F:Sistema.pedido.cboCliente] Missing &lt;summary&gt; documentation
SHFB: Warning BE0066: ShowMissingComponent: [M:Sistema.pedido.cboCliente_SelectedIndexChanged(System.Object,System.EventArgs)] Missing &lt;summary&gt; documentation
SHFB: Warning BE0066: ShowMissingComponent: [M:Sistema.pedido.cboCliente_SelectedIndexChanged(System.Object,System.EventArgs)] Missing &lt;param name=&quot;sender&quot;/&gt; documentation
SHFB: Warning BE0066: ShowMissingComponent: [M:Sistema.pedido.cboCliente_SelectedIndexChanged(System.Object,System.EventArgs)] Missing &lt;param name=&quot;e&quot;/&gt; documentation
SHFB: Warning BE0066: ShowMissingComponent: [F:Sistema.pedido.cboforma] Missing &lt;summary&gt; documentation
SHFB: Warning BE0066: ShowMissingComponent: [M:Sistema.pedido.cboforma_SelectedIndexChanged(System.Object,System.EventArgs)] Missing &lt;summary&gt; documentation
SHFB: Warning BE0066: ShowMissingComponent: [M:Sistema.pedido.cboforma_SelectedIndexChanged(System.Object,System.EventArgs)] Missing &lt;param name=&quot;sender&quot;/&gt; documentation
SHFB: Warning BE0066: ShowMissingComponent: [M:Sistema.pedido.cboforma_SelectedIndexChanged(System.Object,System.EventArgs)] Missing &lt;param name=&quot;e&quot;/&gt; documentation
SHFB: Warning BE0066: ShowMissingComponent: [F:Sistema.pedido.cbostatus] Missing &lt;summary&gt; documentation
SHFB: Warning BE0066: ShowMissingComponent: [F:Sistema.pedido.conexao] Missing &lt;summary&gt; documentation
SHFB: Warning BE0066: ResolveReferenceLinksComponent: [F:Sistema.pedido.conexao] Unknown reference link target &#39;T:MySql.Data.MySqlClient.MySqlConnection&#39;.
SHFB: Warning BE0066: ShowMissingComponent: [F:Sistema.pedido.datapedido] Missing &lt;summary&gt; documentation
SHFB: Warning BE0066: ShowMissingComponent: [F:Sistema.pedido.dgvCarrinho] Missing &lt;summary&gt; documentation
SHFB: Warning BE0066: ShowMissingComponent: [M:Sistema.pedido.GerarPdfNotaFiscal(System.Int32,System.Collections.Generic.List{Sistema.listarproduto.ItemCarrinho},System.Decimal,System.String,System.String,System.String)] Missing &lt;summary&gt; documentation
SHFB: Warning BE0066: ShowMissingComponent: [M:Sistema.pedido.GerarPdfNotaFiscal(System.Int32,System.Collections.Generic.List{Sistema.listarproduto.ItemCarrinho},System.Decimal,System.String,System.String,System.String)] Missing &lt;param name=&quot;pedidoId&quot;/&gt; documentation
SHFB: Warning BE0066: ShowMissingComponent: [M:Sistema.pedido.GerarPdfNotaFiscal(System.Int32,System.Collections.Generic.List{Sistema.listarproduto.ItemCarrinho},System.Decimal,System.String,System.String,System.String)] Missing &lt;param name=&quot;itensDoCarrinho&quot;/&gt; documentation
SHFB: Warning BE0066: ShowMissingComponent: [M:Sistema.pedido.GerarPdfNotaFiscal(System.Int32,System.Collections.Generic.List{Sistema.listarproduto.ItemCarrinho},System.Decimal,System.String,System.String,System.String)] Missing &lt;param name=&quot;totalPedido&quot;/&gt; documentation
SHFB: Warning BE0066: ShowMissingComponent: [M:Sistema.pedido.GerarPdfNotaFiscal(System.Int32,System.Collections.Generic.List{Sistema.listarproduto.ItemCarrinho},System.Decimal,System.String,System.String,System.String)] Missing &lt;param name=&quot;nomecliente&quot;/&gt; documentation
SHFB: Warning BE0066: ShowMissingComponent: [M:Sistema.pedido.GerarPdfNotaFiscal(System.Int32,System.Collections.Generic.List{Sistema.listarproduto.ItemCarrinho},System.Decimal,System.String,System.String,System.String)] Missing &lt;param name=&quot;formapgto&quot;/&gt; documentation
SHFB: Warning BE0066: ShowMissingComponent: [M:Sistema.pedido.GerarPdfNotaFiscal(System.Int32,System.Collections.Generic.List{Sistema.listarproduto.ItemCarrinho},System.Decimal,System.String,System.String,System.String)] Missing &lt;param name=&quot;status&quot;/&gt; documentation
SHFB: Warning BE0066: ShowMissingComponent: [M:Sistema.pedido.GerarQRCode(System.String)] Missing &lt;summary&gt; documentation
SHFB: Warning BE0066: ShowMissingComponent: [M:Sistema.pedido.GerarQRCode(System.String)] Missing &lt;returns&gt; documentation
SHFB: Warning BE0066: ShowMissingComponent: [M:Sistema.pedido.GerarQRCode(System.String)] Missing &lt;param name=&quot;textoParaQRCode&quot;/&gt; documentation
SHFB: Warning BE0066: ShowMissingComponent: [F:Sistema.pedido.idpedido] Missing &lt;summary&gt; documentation
SHFB: Warning BE0066: ShowMissingComponent: [F:Sistema.pedido.idUsuario] Missing &lt;summary&gt; documentation
SHFB: Warning BE0066: ShowMissingComponent: [F:Sistema.pedido.label1] Missing &lt;summary&gt; documentation
SHFB: Warning BE0066: ShowMissingComponent: [M:Sistema.pedido.obterdados(System.String)] Missing &lt;summary&gt; documentation
SHFB: Warning BE0066: ShowMissingComponent: [M:Sistema.pedido.obterdados(System.String)] Missing &lt;returns&gt; documentation
SHFB: Warning BE0066: ShowMissingComponent: [M:Sistema.pedido.obterdados(System.String)] Missing &lt;param name=&quot;sql&quot;/&gt; documentation
SHFB: Warning BE0066: ShowMissingComponent: [F:Sistema.pedido.pbQRCode] Missing &lt;summary&gt; documentation
SHFB: Warning BE0066: ShowMissingComponent: [M:Sistema.pedido.pedido_Load(System.Object,System.EventArgs)] Missing &lt;summary&gt; documentation
SHFB: Warning BE0066: ShowMissingComponent: [M:Sistema.pedido.pedido_Load(System.Object,System.EventArgs)] Missing &lt;param name=&quot;sender&quot;/&gt; documentation
SHFB: Warning BE0066: ShowMissingComponent: [M:Sistema.pedido.pedido_Load(System.Object,System.EventArgs)] Missing &lt;param name=&quot;e&quot;/&gt; documentation
SHFB: Warning BE0066: ShowMissingComponent: [F:Sistema.pedido.pictureBox1] Missing &lt;summary&gt; documentation
SHFB: Warning BE0066: ShowMissingComponent: [M:Sistema.pedido.pictureBox1_Click(System.Object,System.EventArgs)] Missing &lt;summary&gt; documentation
SHFB: Warning BE0066: ShowMissingComponent: [M:Sistema.pedido.pictureBox1_Click(System.Object,System.EventArgs)] Missing &lt;param name=&quot;sender&quot;/&gt; documentation
SHFB: Warning BE0066: ShowMissingComponent: [M:Sistema.pedido.pictureBox1_Click(System.Object,System.EventArgs)] Missing &lt;param name=&quot;e&quot;/&gt; documentation
SHFB: Warning BE0066: ShowMissingComponent: [F:Sistema.pedido.totalPedido] Missing &lt;summary&gt; documentation
SHFB: Warning BE0066: ShowMissingComponent: [N:Sistema.classe] Missing &lt;summary&gt; documentation
SHFB: Warning BE0066: ResolveReferenceLinksComponent: [F:Sistema.classe.conexao.con] Unknown reference link target &#39;T:MySql.Data.MySqlClient.MySqlConnection&#39;.
SHFB: Warning BE0066: ResolveReferenceLinksComponent: [M:Sistema.classe.conexao.getConexao] Unknown reference link target &#39;T:MySql.Data.MySqlClient.MySqlConnection&#39;.
SHFB: Warning BE0066: ResolveReferenceLinksComponent: [M:Sistema.classe.conexao.getConexao] Unknown reference link target &#39;T:MySql.Data.MySqlClient.MySqlConnection&#39;.
SHFB: Warning BE0066: ShowMissingComponent: [T:Sistema.classe.ConfiguracaoHelper] Missing &lt;summary&gt; documentation
SHFB: Warning BE0066: ShowMissingComponent: [M:Sistema.classe.ConfiguracaoHelper.AplicarCoresStatusPedidos(System.Object,System.Windows.Forms.DataGridViewCellFormattingEventArgs)] Missing &lt;summary&gt; documentation
SHFB: Warning BE0066: ShowMissingComponent: [M:Sistema.classe.ConfiguracaoHelper.AplicarCoresStatusPedidos(System.Object,System.Windows.Forms.DataGridViewCellFormattingEventArgs)] Missing &lt;param name=&quot;sender&quot;/&gt; documentation
SHFB: Warning BE0066: ShowMissingComponent: [M:Sistema.classe.ConfiguracaoHelper.AplicarCoresStatusPedidos(System.Object,System.Windows.Forms.DataGridViewCellFormattingEventArgs)] Missing &lt;param name=&quot;e&quot;/&gt; documentation
SHFB: Warning BE0066: ShowMissingComponent: [M:Sistema.classe.ConfiguracaoHelper.AplicarEstiloCabecalhoPadrao(System.Windows.Forms.DataGridView)] Missing &lt;summary&gt; documentation
SHFB: Warning BE0066: ShowMissingComponent: [M:Sistema.classe.ConfiguracaoHelper.AplicarEstiloCabecalhoPadrao(System.Windows.Forms.DataGridView)] Missing &lt;param name=&quot;dgv&quot;/&gt; documentation
SHFB: Warning BE0066: ShowMissingComponent: [M:Sistema.classe.ConfiguracaoHelper.AplicarEstiloLinhasPadrao(System.Windows.Forms.DataGridView)] Missing &lt;summary&gt; documentation
SHFB: Warning BE0066: ShowMissingComponent: [M:Sistema.classe.ConfiguracaoHelper.AplicarEstiloLinhasPadrao(System.Windows.Forms.DataGridView)] Missing &lt;param name=&quot;dgv&quot;/&gt; documentation
SHFB: Warning BE0066: ShowMissingComponent: [T:Sistema.classe.Localizacao] Missing &lt;summary&gt; documentation
SHFB: Warning BE0066: ShowMissingComponent: [M:Sistema.classe.Localizacao.ApplyLanguageToControl(System.Windows.Forms.Control,System.ComponentModel.ComponentResourceManager)] Missing &lt;summary&gt; documentation
SHFB: Warning BE0066: ShowMissingComponent: [M:Sistema.classe.Localizacao.ApplyLanguageToControl(System.Windows.Forms.Control,System.ComponentModel.ComponentResourceManager)] Missing &lt;param name=&quot;control&quot;/&gt; documentation
SHFB: Warning BE0066: ShowMissingComponent: [M:Sistema.classe.Localizacao.ApplyLanguageToControl(System.Windows.Forms.Control,System.ComponentModel.ComponentResourceManager)] Missing &lt;param name=&quot;resources&quot;/&gt; documentation
SHFB: Warning BE0066: ShowMissingComponent: [M:Sistema.classe.Localizacao.ApplyLanguageToForm(System.Windows.Forms.Form)] Missing &lt;summary&gt; documentation
SHFB: Warning BE0066: ShowMissingComponent: [M:Sistema.classe.Localizacao.ApplyLanguageToForm(System.Windows.Forms.Form)] Missing &lt;param name=&quot;form&quot;/&gt; documentation
SHFB: Warning BE0066: ShowMissingComponent: [M:Sistema.classe.Localizacao.ApplyLanguageToToolStripItem(System.Windows.Forms.ToolStripItem,System.ComponentModel.ComponentResourceManager)] Missing &lt;summary&gt; documentation
SHFB: Warning BE0066: ShowMissingComponent: [M:Sistema.classe.Localizacao.ApplyLanguageToToolStripItem(System.Windows.Forms.ToolStripItem,System.ComponentModel.ComponentResourceManager)] Missing &lt;param name=&quot;item&quot;/&gt; documentation
SHFB: Warning BE0066: ShowMissingComponent: [M:Sistema.classe.Localizacao.ApplyLanguageToToolStripItem(System.Windows.Forms.ToolStripItem,System.ComponentModel.ComponentResourceManager)] Missing &lt;param name=&quot;resources&quot;/&gt; documentation
SHFB: Warning BE0066: ShowMissingComponent: [P:Sistema.classe.Localizacao.CurrentLanguage] Missing &lt;summary&gt; documentation
SHFB: Warning BE0066: ShowMissingComponent: [M:Sistema.classe.Localizacao.SetLanguage(System.String)] Missing &lt;summary&gt; documentation
SHFB: Warning BE0066: ShowMissingComponent: [M:Sistema.classe.Localizacao.SetLanguage(System.String)] Missing &lt;param name=&quot;cultureName&quot;/&gt; documentation
SHFB: Warning BE0066: ShowMissingComponent: [T:Sistema.classe.SessaoUsuario] Missing &lt;summary&gt; documentation
SHFB: Warning BE0066: ShowMissingComponent: [P:Sistema.classe.SessaoUsuario.CargoUsuario] Missing &lt;summary&gt; documentation
SHFB: Warning BE0066: ShowMissingComponent: [P:Sistema.classe.SessaoUsuario.id] Missing &lt;summary&gt; documentation
SHFB: Warning BE0066: ShowMissingComponent: [P:Sistema.classe.SessaoUsuario.UsuarioLogado] Missing &lt;summary&gt; documentation
Processed 343 topic(s)
336 warning(s)
CopyFromIndexComponent: &quot;reflection&quot; in-memory cache entries used: 9 of 15.
CopyFromIndexComponent: &quot;comments&quot; in-memory cache entries used: 1 of 30.
SaveComponent: Waiting for the document writer task to finish (1 Website API file(s) remaining)...
<plugIn name="Website Table of Contents Generator" behavior="After" priority="1000">
Generating TOC fragment files
</plugIn>    Last step completed in 00:00:10,2397
</buildStep>
<buildStep step="CopyStandardHelpContent">
Copying standard help content...
C:\Program Files (x86)\EWSoftware\Sandcastle Help File Builder\Components\Default2022\css\bulma.css -&gt; C:\Users\pcbr4\OneDrive\Favoritos\Documentos\GitHub\sistema_sesi\Help\Working\Output\Website\css\bulma.css
C:\Program Files (x86)\EWSoftware\Sandcastle Help File Builder\Components\Default2022\css\bulma.css.map -&gt; C:\Users\pcbr4\OneDrive\Favoritos\Documentos\GitHub\sistema_sesi\Help\Working\Output\Website\css\bulma.css.map
C:\Program Files (x86)\EWSoftware\Sandcastle Help File Builder\Components\Default2022\css\bulma.min.css -&gt; C:\Users\pcbr4\OneDrive\Favoritos\Documentos\GitHub\sistema_sesi\Help\Working\Output\Website\css\bulma.min.css
C:\Program Files (x86)\EWSoftware\Sandcastle Help File Builder\Components\Default2022\css\font-awesome.css -&gt; C:\Users\pcbr4\OneDrive\Favoritos\Documentos\GitHub\sistema_sesi\Help\Working\Output\Website\css\font-awesome.css
C:\Program Files (x86)\EWSoftware\Sandcastle Help File Builder\Components\Default2022\css\font-awesome.min.css -&gt; C:\Users\pcbr4\OneDrive\Favoritos\Documentos\GitHub\sistema_sesi\Help\Working\Output\Website\css\font-awesome.min.css
C:\Program Files (x86)\EWSoftware\Sandcastle Help File Builder\Components\Default2022\css\ja-JP.css -&gt; C:\Users\pcbr4\OneDrive\Favoritos\Documentos\GitHub\sistema_sesi\Help\Working\Output\Website\css\ja-JP.css
C:\Program Files (x86)\EWSoftware\Sandcastle Help File Builder\Components\Default2022\css\ko-KR.css -&gt; C:\Users\pcbr4\OneDrive\Favoritos\Documentos\GitHub\sistema_sesi\Help\Working\Output\Website\css\ko-KR.css
C:\Program Files (x86)\EWSoftware\Sandcastle Help File Builder\Components\Default2022\css\presentationStyle.css -&gt; C:\Users\pcbr4\OneDrive\Favoritos\Documentos\GitHub\sistema_sesi\Help\Working\Output\Website\css\presentationStyle.css
C:\Program Files (x86)\EWSoftware\Sandcastle Help File Builder\Components\Default2022\css\vs.min.css -&gt; C:\Users\pcbr4\OneDrive\Favoritos\Documentos\GitHub\sistema_sesi\Help\Working\Output\Website\css\vs.min.css
C:\Program Files (x86)\EWSoftware\Sandcastle Help File Builder\Components\Default2022\css\zh-CN.css -&gt; C:\Users\pcbr4\OneDrive\Favoritos\Documentos\GitHub\sistema_sesi\Help\Working\Output\Website\css\zh-CN.css
C:\Program Files (x86)\EWSoftware\Sandcastle Help File Builder\Components\Default2022\css\zh-TW.css -&gt; C:\Users\pcbr4\OneDrive\Favoritos\Documentos\GitHub\sistema_sesi\Help\Working\Output\Website\css\zh-TW.css
C:\Program Files (x86)\EWSoftware\Sandcastle Help File Builder\Components\Default2022\icons\favicon.ico -&gt; C:\Users\pcbr4\OneDrive\Favoritos\Documentos\GitHub\sistema_sesi\Help\Working\Output\Website\icons\favicon.ico
C:\Program Files (x86)\EWSoftware\Sandcastle Help File Builder\Components\Default2022\scripts\clipboard.min.js -&gt; C:\Users\pcbr4\OneDrive\Favoritos\Documentos\GitHub\sistema_sesi\Help\Working\Output\Website\scripts\clipboard.min.js
C:\Program Files (x86)\EWSoftware\Sandcastle Help File Builder\Components\Default2022\scripts\highlight.min.js -&gt; C:\Users\pcbr4\OneDrive\Favoritos\Documentos\GitHub\sistema_sesi\Help\Working\Output\Website\scripts\highlight.min.js
C:\Program Files (x86)\EWSoftware\Sandcastle Help File Builder\Components\Default2022\scripts\jquery-3.5.1.min.js -&gt; C:\Users\pcbr4\OneDrive\Favoritos\Documentos\GitHub\sistema_sesi\Help\Working\Output\Website\scripts\jquery-3.5.1.min.js
C:\Program Files (x86)\EWSoftware\Sandcastle Help File Builder\Components\Default2022\scripts\presentationStyle.js -&gt; C:\Users\pcbr4\OneDrive\Favoritos\Documentos\GitHub\sistema_sesi\Help\Working\Output\Website\scripts\presentationStyle.js
C:\Program Files (x86)\EWSoftware\Sandcastle Help File Builder\Components\Default2022\webfonts\fa-brands-400.ttf -&gt; C:\Users\pcbr4\OneDrive\Favoritos\Documentos\GitHub\sistema_sesi\Help\Working\Output\Website\webfonts\fa-brands-400.ttf
C:\Program Files (x86)\EWSoftware\Sandcastle Help File Builder\Components\Default2022\webfonts\fa-brands-400.woff2 -&gt; C:\Users\pcbr4\OneDrive\Favoritos\Documentos\GitHub\sistema_sesi\Help\Working\Output\Website\webfonts\fa-brands-400.woff2
C:\Program Files (x86)\EWSoftware\Sandcastle Help File Builder\Components\Default2022\webfonts\fa-regular-400.ttf -&gt; C:\Users\pcbr4\OneDrive\Favoritos\Documentos\GitHub\sistema_sesi\Help\Working\Output\Website\webfonts\fa-regular-400.ttf
C:\Program Files (x86)\EWSoftware\Sandcastle Help File Builder\Components\Default2022\webfonts\fa-regular-400.woff2 -&gt; C:\Users\pcbr4\OneDrive\Favoritos\Documentos\GitHub\sistema_sesi\Help\Working\Output\Website\webfonts\fa-regular-400.woff2
C:\Program Files (x86)\EWSoftware\Sandcastle Help File Builder\Components\Default2022\webfonts\fa-solid-900.ttf -&gt; C:\Users\pcbr4\OneDrive\Favoritos\Documentos\GitHub\sistema_sesi\Help\Working\Output\Website\webfonts\fa-solid-900.ttf
C:\Program Files (x86)\EWSoftware\Sandcastle Help File Builder\Components\Default2022\webfonts\fa-solid-900.woff2 -&gt; C:\Users\pcbr4\OneDrive\Favoritos\Documentos\GitHub\sistema_sesi\Help\Working\Output\Website\webfonts\fa-solid-900.woff2
C:\Program Files (x86)\EWSoftware\Sandcastle Help File Builder\Components\Default2022\webfonts\fa-v4compatibility.ttf -&gt; C:\Users\pcbr4\OneDrive\Favoritos\Documentos\GitHub\sistema_sesi\Help\Working\Output\Website\webfonts\fa-v4compatibility.ttf
C:\Program Files (x86)\EWSoftware\Sandcastle Help File Builder\Components\Default2022\webfonts\fa-v4compatibility.woff2 -&gt; C:\Users\pcbr4\OneDrive\Favoritos\Documentos\GitHub\sistema_sesi\Help\Working\Output\Website\webfonts\fa-v4compatibility.woff2
C:\Program Files (x86)\EWSoftware\Sandcastle Help File Builder\Components\Default2022\RootWebsiteContent\GeneralError.html -&gt; C:\Users\pcbr4\OneDrive\Favoritos\Documentos\GitHub\sistema_sesi\Help\Working\Output\Website\GeneralError.html
C:\Program Files (x86)\EWSoftware\Sandcastle Help File Builder\Components\Default2022\RootWebsiteContent\index.html -&gt; C:\Users\pcbr4\OneDrive\Favoritos\Documentos\GitHub\sistema_sesi\Help\Working\Output\Website\index.html
C:\Program Files (x86)\EWSoftware\Sandcastle Help File Builder\Components\Default2022\RootWebsiteContent\PageNotFound.html -&gt; C:\Users\pcbr4\OneDrive\Favoritos\Documentos\GitHub\sistema_sesi\Help\Working\Output\Website\PageNotFound.html
C:\Program Files (x86)\EWSoftware\Sandcastle Help File Builder\Components\Default2022\RootWebsiteContent\search.html -&gt; C:\Users\pcbr4\OneDrive\Favoritos\Documentos\GitHub\sistema_sesi\Help\Working\Output\Website\search.html
C:\Program Files (x86)\EWSoftware\Sandcastle Help File Builder\Components\Default2022\RootWebsiteContent\SearchHelp.aspx -&gt; C:\Users\pcbr4\OneDrive\Favoritos\Documentos\GitHub\sistema_sesi\Help\Working\Output\Website\SearchHelp.aspx
C:\Program Files (x86)\EWSoftware\Sandcastle Help File Builder\Components\Default2022\RootWebsiteContent\SearchHelp.inc.php -&gt; C:\Users\pcbr4\OneDrive\Favoritos\Documentos\GitHub\sistema_sesi\Help\Working\Output\Website\SearchHelp.inc.php
C:\Program Files (x86)\EWSoftware\Sandcastle Help File Builder\Components\Default2022\RootWebsiteContent\SearchHelp.php -&gt; C:\Users\pcbr4\OneDrive\Favoritos\Documentos\GitHub\sistema_sesi\Help\Working\Output\Website\SearchHelp.php
C:\Program Files (x86)\EWSoftware\Sandcastle Help File Builder\Components\Default2022\RootWebsiteContent\Web.Config -&gt; C:\Users\pcbr4\OneDrive\Favoritos\Documentos\GitHub\sistema_sesi\Help\Working\Output\Website\Web.Config
    Last step completed in 00:00:00,2249
</buildStep>
<buildStep step="GenerateFullTextIndex">
Generating full-text index for the website...

    Last step completed in 00:00:00,8023
</buildStep>
<buildStep step="CopyingWebsiteFiles">
Copying website files to output folder...

Copied 460 files for the website content
    Last step completed in 00:00:00,9430
</buildStep>
<buildStep step="CleanIntermediates">
Removing intermediate files...
    Last step completed in 00:00:00,2178
</buildStep>
<buildStep step="Completed">

Build completed successfully at 15/07/2025 11:52:54.  Total time: 00:00:18,7991

</buildStep>
</shfbBuild>
